// Vitest Snapshot v1, https://vitest.dev/guide/snapshot.html

exports[`App snapshot > matches the initial render snapshot 1`] = `
<div>
  <button
    data-testid="switch"
  >
    RU
  </button>
  <div
    class="_container_f2db1c"
  >
    <h1
      class="_title_f2db1c"
    >
      Voicerec
    </h1>
    <div
      class="_content_f2db1c"
    >
      <button
        aria-controls="radix-:r0:"
        aria-expanded="false"
        aria-haspopup="dialog"
        class="_trigger_80b6b1"
        data-state="closed"
        type="button"
      >
        Open Dialog
      </button>
      <section
        class="_container_a6f314 _upload_f2db1c"
      >
        <h2
          class="_title_a6f314"
        >
          Upload meeting audio
        </h2>
        <p
          class="_description_a6f314"
        >
          Send a WAV recording to start real-time transcription.
        </p>
        <form
          class="_form_a6f314"
        >
          <label
            class="_fileLabel_a6f314"
            for="meeting-audio"
          >
            <span>
              Choose WAV file
            </span>
            <input
              accept="audio/wav"
              id="meeting-audio"
              name="meeting-audio"
              type="file"
            />
          </label>
          <span
            class="_fileName_a6f314"
          >
            No file selected yet
          </span>
          <button
            class="_submit_a6f314"
            type="submit"
          >
            Upload
          </button>
        </form>
      </section>
      <section
        class="_streamPlaceholder_f2db1c"
      >
        <h2
          class="_streamPlaceholderTitle_f2db1c"
        >
          Live transcript
        </h2>
        <p
          class="_streamPlaceholderText_f2db1c"
        >
          Upload a meeting audio file to start streaming updates.
        </p>
      </section>
    </div>
  </div>
</div>
`;
